00:00:43 **** Incremental Build of configuration Debug for project lab_06_application ****
make all 
make --no-print-directory pre-build
a9-linaro-pre-build-step
' '
make --no-print-directory main-build
'Building file: ../src/lab06.cpp'
'Invoking: ARM v7 g++ compiler'
arm-none-eabi-g++ -Wall -O0 -g3 -c -fmessage-length=0 -MT"src/lab06.o" -mcpu=cortex-a9 -mfpu=vfpv3 -mfloat-abi=hard -IC:/Users/pcost/Documents/github/Dissertation/training/leonardo_tutorials_workspaces/lab_06_ws/lab_06_platform/export/lab_06_platform/sw/lab_06_platform/standalone_domain/bspinclude/include -MMD -MP -MF"src/lab06.d" -MT"src/lab06.o" -o "src/lab06.o" "../src/lab06.cpp"
'Finished building: ../src/lab06.cpp'
' '
'Building target: lab_06_application.elf'
'Invoking: ARM v7 g++ linker'
arm-none-eabi-g++ -mcpu=cortex-a9 -mfpu=vfpv3 -mfloat-abi=hard -Wl,-build-id=none -specs=Xilinx.spec -Wl,-T -Wl,../src/lscript.ld -LC:/Users/pcost/Documents/github/Dissertation/training/leonardo_tutorials_workspaces/lab_06_ws/lab_06_platform/export/lab_06_platform/sw/lab_06_platform/standalone_domain/bsplib/lib -o "lab_06_application.elf"  ./src/axitimerhelper.o ./src/lab06.o ./src/platform.o   -Wl,--start-group,-lxil,-lgcc,-lc,-lstdc++,--end-group
'Finished building target: lab_06_application.elf'
' '
'Invoking: ARM v7 Print Size'
arm-none-eabi-size lab_06_application.elf  |tee "lab_06_application.elf.size"
   text	   data	    bss	    dec	    hex	filename
 109725	   2608	  22684	 135017	  20f69	lab_06_application.elf
'Finished building: lab_06_application.elf.size'
' '

00:00:44 Build Finished (took 961ms)

