

================================================================
== Vitis HLS Report for 'distPoints_float'
================================================================
* Date:           Sun Nov 27 12:36:33 2022

* Version:        2022.2 (Build 3670227 on Oct 13 2022)
* Project:        lab_04_hls
* Solution:       solution1 (Vivado IP Flow Target)
* Product family: zynq
* Target device:  xc7z020-clg400-1


================================================================
== Performance Estimates
================================================================
+ Timing: 
    * Summary: 
    +--------+----------+----------+------------+
    |  Clock |  Target  | Estimated| Uncertainty|
    +--------+----------+----------+------------+
    |ap_clk  |  10.00 ns|  7.297 ns|     2.70 ns|
    +--------+----------+----------+------------+

+ Latency: 
    * Summary: 
    +---------+---------+----------+----------+-----+-----+---------+
    |  Latency (cycles) |  Latency (absolute) |  Interval | Pipeline|
    |   min   |   max   |    min   |    max   | min | max |   Type  |
    +---------+---------+----------+----------+-----+-----+---------+
    |      112|      112|  1.120 us|  1.120 us|  113|  113|       no|
    +---------+---------+----------+----------+-----+-----+---------+

    + Detail: 
        * Instance: 
        +---------------------------------+----------------------+---------+---------+----------+----------+-----+-----+---------+
        |                                 |                      |  Latency (cycles) |  Latency (absolute) |  Interval | Pipeline|
        |             Instance            |        Module        |   min   |   max   |    min   |    max   | min | max |   Type  |
        +---------------------------------+----------------------+---------+---------+----------+----------+-----+-----+---------+
        |grp_pow_generic_double_s_fu_80   |pow_generic_double_s  |       80|       80|  0.800 us|  0.800 us|    1|    1|      yes|
        |grp_pow_generic_double_s_fu_109  |pow_generic_double_s  |       80|       80|  0.800 us|  0.800 us|    1|    1|      yes|
        +---------------------------------+----------------------+---------+---------+----------+----------+-----+-----+---------+

        * Loop: 
        N/A



================================================================
== Utilization Estimates
================================================================
* Summary: 
+-----------------+---------+-----+--------+-------+-----+
|       Name      | BRAM_18K| DSP |   FF   |  LUT  | URAM|
+-----------------+---------+-----+--------+-------+-----+
|DSP              |        -|    -|       -|      -|    -|
|Expression       |        -|    -|       -|      -|    -|
|FIFO             |        -|    -|       -|      -|    -|
|Instance         |       60|   97|   26592|  18691|    -|
|Memory           |        -|    -|       -|      -|    -|
|Multiplexer      |        -|    -|       -|    573|    -|
|Register         |        -|    -|     531|      -|    -|
+-----------------+---------+-----+--------+-------+-----+
|Total            |       60|   97|   27123|  19264|    0|
+-----------------+---------+-----+--------+-------+-----+
|Available        |      280|  220|  106400|  53200|    0|
+-----------------+---------+-----+--------+-------+-----+
|Utilization (%)  |       21|   44|      25|     36|    0|
+-----------------+---------+-----+--------+-------+-----+

+ Detail: 
    * Instance: 
    +------------------------------------+--------------------------------+---------+----+-------+------+-----+
    |              Instance              |             Module             | BRAM_18K| DSP|   FF  |  LUT | URAM|
    +------------------------------------+--------------------------------+---------+----+-------+------+-----+
    |dadd_64ns_64ns_64_7_full_dsp_1_U50  |dadd_64ns_64ns_64_7_full_dsp_1  |        0|   3|    630|  1141|    0|
    |fpext_32ns_64_2_no_dsp_1_U47        |fpext_32ns_64_2_no_dsp_1        |        0|   0|      0|     0|    0|
    |fpext_32ns_64_2_no_dsp_1_U48        |fpext_32ns_64_2_no_dsp_1        |        0|   0|      0|     0|    0|
    |fptrunc_64ns_32_2_no_dsp_1_U46      |fptrunc_64ns_32_2_no_dsp_1      |        0|   0|      0|     0|    0|
    |fsqrt_32ns_32ns_32_16_no_dsp_1_U49  |fsqrt_32ns_32ns_32_16_no_dsp_1  |        0|   0|      0|     0|    0|
    |fsub_32ns_32ns_32_5_full_dsp_1_U44  |fsub_32ns_32ns_32_5_full_dsp_1  |        0|   2|    205|   390|    0|
    |fsub_32ns_32ns_32_5_full_dsp_1_U45  |fsub_32ns_32ns_32_5_full_dsp_1  |        0|   2|    205|   390|    0|
    |grp_pow_generic_double_s_fu_80      |pow_generic_double_s            |       30|  45|  12776|  8385|    0|
    |grp_pow_generic_double_s_fu_109     |pow_generic_double_s            |       30|  45|  12776|  8385|    0|
    +------------------------------------+--------------------------------+---------+----+-------+------+-----+
    |Total                               |                                |       60|  97|  26592| 18691|    0|
    +------------------------------------+--------------------------------+---------+----+-------+------+-----+

    * DSP: 
    N/A

    * Memory: 
    N/A

    * FIFO: 
    N/A

    * Expression: 
    N/A

    * Multiplexer: 
    +-----------+-----+-----------+-----+-----------+
    |    Name   | LUT | Input Size| Bits| Total Bits|
    +-----------+-----+-----------+-----+-----------+
    |ap_NS_fsm  |  573|        114|    1|        114|
    +-----------+-----+-----------+-----+-----------+
    |Total      |  573|        114|    1|        114|
    +-----------+-----+-----------+-----+-----------+

    * Register: 
    +----------------------------------------------+-----+----+-----+-----------+
    |                     Name                     |  FF | LUT| Bits| Const Bits|
    +----------------------------------------------+-----+----+-----+-----------+
    |add_reg_218                                   |   64|   0|   64|          0|
    |ap_CS_fsm                                     |  113|   0|  113|          0|
    |grp_pow_generic_double_s_fu_109_ap_start_reg  |    1|   0|    1|          0|
    |grp_pow_generic_double_s_fu_80_ap_start_reg   |    1|   0|    1|          0|
    |p_x_assign_1_reg_193                          |   32|   0|   32|          0|
    |p_x_assign_reg_188                            |   32|   0|   32|          0|
    |tmp_reg_208                                   |   64|   0|   64|          0|
    |tmp_s_reg_213                                 |   64|   0|   64|          0|
    |x_assign_1_reg_203                            |   64|   0|   64|          0|
    |x_assign_2_reg_223                            |   32|   0|   32|          0|
    |x_assign_reg_198                              |   64|   0|   64|          0|
    +----------------------------------------------+-----+----+-----+-----------+
    |Total                                         |  531|   0|  531|          0|
    +----------------------------------------------+-----+----+-----+-----------+



================================================================
== Interface
================================================================
* Summary: 
+-----------+-----+-----+------------+------------------+--------------+
| RTL Ports | Dir | Bits|  Protocol  |   Source Object  |    C Type    |
+-----------+-----+-----+------------+------------------+--------------+
|ap_clk     |   in|    1|  ap_ctrl_hs|  distPoints_float|  return value|
|ap_rst     |   in|    1|  ap_ctrl_hs|  distPoints_float|  return value|
|ap_start   |   in|    1|  ap_ctrl_hs|  distPoints_float|  return value|
|ap_done    |  out|    1|  ap_ctrl_hs|  distPoints_float|  return value|
|ap_idle    |  out|    1|  ap_ctrl_hs|  distPoints_float|  return value|
|ap_ready   |  out|    1|  ap_ctrl_hs|  distPoints_float|  return value|
|ap_return  |  out|   32|  ap_ctrl_hs|  distPoints_float|  return value|
|Ax         |   in|   32|     ap_none|                Ax|        scalar|
|Ay         |   in|   32|     ap_none|                Ay|        scalar|
|Bx         |   in|   32|     ap_none|                Bx|        scalar|
|By         |   in|   32|     ap_none|                By|        scalar|
+-----------+-----+-----+------------+------------------+--------------+

