Nothing to build in platform 'lab_05_platform'

12:05:35 **** Incremental Build of configuration Debug for project lab_05_application ****
make all 
make --no-print-directory pre-build
a9-linaro-pre-build-step
' '
make --no-print-directory main-build
'Building file: ../src/lab_05.cpp'
'Invoking: ARM v7 g++ compiler'
arm-none-eabi-g++ -Wall -O0 -g3 -c -fmessage-length=0 -MT"src/lab_05.o" -mcpu=cortex-a9 -mfpu=vfpv3 -mfloat-abi=hard -IC:/Users/pcost/Documents/github/Dissertation/training/leonardo_tutorials_workspaces/lab_05_ws/lab_05_platform/export/lab_05_platform/sw/lab_05_platform/standalone_domain/bspinclude/include -MMD -MP -MF"src/lab_05.d" -MT"src/lab_05.o" -o "src/lab_05.o" "../src/lab_05.cpp"
'Finished building: ../src/lab_05.cpp'
' '
'Building target: lab_05_application.elf'
'Invoking: ARM v7 g++ linker'
arm-none-eabi-g++ -mcpu=cortex-a9 -mfpu=vfpv3 -mfloat-abi=hard -Wl,-build-id=none -specs=Xilinx.spec -Wl,-T -Wl,../src/lscript.ld -LC:/Users/pcost/Documents/github/Dissertation/training/leonardo_tutorials_workspaces/lab_05_ws/lab_05_platform/export/lab_05_platform/sw/lab_05_platform/standalone_domain/bsplib/lib -o "lab_05_application.elf"  ./src/lab_05.o ./src/platform.o   -Wl,--start-group,-lxil,-lgcc,-lc,-lstdc++,--end-group
'Finished building target: lab_05_application.elf'
' '
'Invoking: ARM v7 Print Size'
arm-none-eabi-size lab_05_application.elf  |tee "lab_05_application.elf.size"
   text	   data	    bss	    dec	    hex	filename
  58459	   2572	  22640	  83671	  146d7	lab_05_application.elf
'Finished building: lab_05_application.elf.size'
' '
12:05:37 **** Incremental Build of configuration Debug for project lab_05_application_system ****
make all 
Generating bif file for the system project
generate_system_bif.bat 52357 C:/Users/pcost/Documents/github/Dissertation/training/leonardo_tutorials_workspaces/lab_05_ws/lab_05_platform/export/lab_05_platform/lab_05_platform.xpfm standalone_domain C:/Users/pcost/Documents/github/Dissertation/training/leonardo_tutorials_workspaces/lab_05_ws/lab_05_application_system/Debug/system.bif
sdcard_gen --xpfm C:/Users/pcost/Documents/github/Dissertation/training/leonardo_tutorials_workspaces/lab_05_ws/lab_05_platform/export/lab_05_platform/lab_05_platform.xpfm --sys_config lab_05_platform --bif C:/Users/pcost/Documents/github/Dissertation/training/leonardo_tutorials_workspaces/lab_05_ws/lab_05_application_system/Debug/system.bif --bitstream C:/Users/pcost/Documents/github/Dissertation/training/leonardo_tutorials_workspaces/lab_05_ws/lab_05_application/_ide/bitstream/design_1_wrapper.bit --elf C:/Users/pcost/Documents/github/Dissertation/training/leonardo_tutorials_workspaces/lab_05_ws/lab_05_application/Debug/lab_05_application.elf,ps7_cortexa9_0
creating BOOT.BIN using C:/Users/pcost/Documents/github/Dissertation/training/leonardo_tutorials_workspaces/lab_05_ws/lab_05_application/_ide/bitstream/design_1_wrapper.bit
Running E:/Pedro/Programs/Xilinx/Vitis/2022.2/bin/bootgen  -image C:/Users/pcost/Documents/github/Dissertation/training/leonardo_tutorials_workspaces/lab_05_ws/lab_05_application_system/Debug/sd_card_temp/boot.bif -w -o i BOOT.BIN
