Nothing to build in platform 'lab_07_platform'

14:20:11 **** Incremental Build of configuration Debug for project lab_07_application ****
make all 
make --no-print-directory pre-build
a9-linaro-pre-build-step
 
make --no-print-directory main-build
Building file: ../src/lab_07.cpp
Invoking: ARM v7 g++ compiler
arm-none-eabi-g++ -Wall -O0 -g3 -c -fmessage-length=0 -MT"src/lab_07.o" -mcpu=cortex-a9 -mfpu=vfpv3 -mfloat-abi=hard -I/home/pedro/Documents/github/Dissertation-Training/leonardo_tutorials_workspaces/lab_07_ws/lab_07_platform/export/lab_07_platform/sw/lab_07_platform/standalone_domain/bspinclude/include -MMD -MP -MF"src/lab_07.d" -MT"src/lab_07.o" -o "src/lab_07.o" "../src/lab_07.cpp"
../src/lab_07.cpp: In function 'int main()':
../src/lab_07.cpp:48:14: warning: unused variable 'm_dma_buffer_TX' [-Wunused-variable]
   48 |         int *m_dma_buffer_TX = (int*) TX_BUFFER_BASE;
      |              ^~~~~~~~~~~~~~~
Finished building: ../src/lab_07.cpp
 
Building target: lab_07_application.elf
Invoking: ARM v7 g++ linker
arm-none-eabi-g++ -mcpu=cortex-a9 -mfpu=vfpv3 -mfloat-abi=hard -Wl,-build-id=none -specs=Xilinx.spec -Wl,-T -Wl,../src/lscript.ld -L/home/pedro/Documents/github/Dissertation-Training/leonardo_tutorials_workspaces/lab_07_ws/lab_07_platform/export/lab_07_platform/sw/lab_07_platform/standalone_domain/bsplib/lib -o "lab_07_application.elf"  ./src/lab_07.o ./src/platform.o   -Wl,--start-group,-lxil,-lgcc,-lc,-lstdc++,--end-group
Finished building target: lab_07_application.elf
 
Invoking: ARM v7 Print Size
arm-none-eabi-size lab_07_application.elf  |tee "lab_07_application.elf.size"
   text	   data	    bss	    dec	    hex	filename
  94554	   2638	  28552	 125744	  1eb30	lab_07_application.elf
Finished building: lab_07_application.elf.size
 
14:20:13 **** Incremental Build of configuration Debug for project lab_07_application_system ****
make all 
Generating bif file for the system project
Executing command '::scw::generate_bif -xpfm /home/pedro/Documents/github/Dissertation-Training/leonardo_tutorials_workspaces/lab_07_ws/lab_07_platform/export/lab_07_platform/lab_07_platform.xpfm -domains standalone_domain -bifpath /home/pedro/Documents/github/Dissertation-Training/leonardo_tutorials_workspaces/lab_07_ws/lab_07_application_system/Debug/system.bif' on XSCT
sdcard_gen --xpfm /home/pedro/Documents/github/Dissertation-Training/leonardo_tutorials_workspaces/lab_07_ws/lab_07_platform/export/lab_07_platform/lab_07_platform.xpfm --sys_config lab_07_platform --bif /home/pedro/Documents/github/Dissertation-Training/leonardo_tutorials_workspaces/lab_07_ws/lab_07_application_system/Debug/system.bif --bitstream /home/pedro/Documents/github/Dissertation-Training/leonardo_tutorials_workspaces/lab_07_ws/lab_07_application/_ide/bitstream/design_1_wrapper.bit --elf /home/pedro/Documents/github/Dissertation-Training/leonardo_tutorials_workspaces/lab_07_ws/lab_07_application/Debug/lab_07_application.elf,ps7_cortexa9_0
creating BOOT.BIN using /home/pedro/Documents/github/Dissertation-Training/leonardo_tutorials_workspaces/lab_07_ws/lab_07_application/_ide/bitstream/design_1_wrapper.bit
Running /tools/Xilinx/Vitis/2022.2/bin/bootgen  -image /home/pedro/Documents/github/Dissertation-Training/leonardo_tutorials_workspaces/lab_07_ws/lab_07_application_system/Debug/sd_card_temp/boot.bif -w -o i BOOT.BIN
